// Jest Snapshot v1, https://goo.gl/fbAQLP

exports[`Matches the snapshot 1`] = `"<div class=\\"sc-bdVaJa jBUENB\\"><div class=\\"sc-bwzfXH iprmFX\\">a</div><div class=\\"sc-htpNat gjdmzU\\">b - c</div><div class=\\"sc-htpNat gjdmzU\\">Uploaded by d</div><img width=\\"40px\\" height=\\"40px\\" src=\\"e\\" alt=\\"uploader avatar\\" class=\\"sc-ifAKCX fKTzex\\"><a href=\\"i\\" class=\\"sc-bZQynM eYttIo\\"><img width=\\"100%\\" height=\\"195px\\" src=\\"f\\" alt=\\"preview\\" class=\\"sc-EHOje gckEHp\\"> </a><div class=\\"sc-gzVnrw gPooSX\\"><div class=\\"sc-htoDjs ijqXLH\\">i</div></div><div class=\\"sc-htpNat gjdmzU\\">+123 points</div><br><div class=\\"sc-htpNat gjdmzU\\">Uploaded g ago</div><br><div class=\\"sc-htpNat sc-bxivhb lePNbT\\">h</div><br><div class=\\"sc-bwzfXH iprmFX\\"><button type=\\"button\\">↑ Upvote</button><button type=\\"button\\">↓ Downvote</button></div></div>"`;
